// Jest Snapshot v1, https://goo.gl/fbAQLP

exports[`tasks/build/webpackConfig server config has not regressed 1`] = `
Object {
  "bail": true,
  "context": "D:\\\\work\\\\ssr\\\\60fram\\\\src",
  "devtool": "eval",
  "entry": Object {
    "server": "./server",
  },
  "module": Object {
    "rules": Array [
      Object {
        "enforce": "pre",
        "exclude": /node_modules/,
        "include": "D:\\\\work\\\\ssr\\\\60fram\\\\src",
        "loader": "eslint-loader",
        "test": /\\\\\\.js\\$/,
      },
      Object {
        "include": "D:\\\\work\\\\ssr\\\\60fram\\\\src",
        "loader": "babel-loader",
        "options": Object {
          "cacheDirectory": true,
        },
        "test": /\\\\\\.js\\$/,
      },
      Object {
        "include": /node_modules/,
        "test": /\\\\\\.css\\$/,
        "use": Array [
          Object {
            "loader": "css-loader/locals",
            "options": Object {
              "localIdentName": "[name]_[local]_[hash:base64:5]",
              "minimize": false,
              "modules": false,
              "sourceMap": true,
            },
          },
        ],
      },
      Object {
        "include": "D:\\\\work\\\\ssr\\\\60fram\\\\src",
        "test": /\\\\\\.css\\$/,
        "use": Array [
          Object {
            "loader": "css-loader/locals",
            "options": Object {
              "localIdentName": "[name]_[local]_[hash:base64:5]",
              "minimize": false,
              "modules": true,
              "sourceMap": true,
            },
          },
        ],
      },
      Object {
        "include": "D:\\\\work\\\\ssr\\\\60fram\\\\src",
        "loader": "url-loader",
        "options": Object {
          "limit": 10000,
        },
        "test": /\\\\\\.\\(eot\\|ttf\\|woff\\|woff2\\)\\(\\\\\\?\\.\\*\\)\\?\\$/,
      },
      Object {
        "include": "D:\\\\work\\\\ssr\\\\60fram\\\\src",
        "loader": "url-loader",
        "options": Object {
          "limit": 10000,
        },
        "test": /\\\\\\.\\(gif\\|ico\\|jpg\\|jpeg\\|png\\|svg\\|webp\\)\\$/,
      },
      Object {
        "include": "D:\\\\work\\\\ssr\\\\60fram\\\\src",
        "loader": "url-loader",
        "options": Object {
          "limit": 10000,
        },
        "test": /\\\\\\.\\(mp4\\|webm\\)\\$/,
      },
      Object {
        "include": "D:\\\\work\\\\ssr\\\\60fram\\\\src",
        "loader": "url-loader",
        "options": Object {
          "limit": 10000,
        },
        "test": /\\\\\\.\\(aac\\|m4a\\|mp3\\|oga\\|ogg\\|wav\\)\\$/,
      },
      Object {
        "loader": "json-loader!po-gettext-loader",
        "test": /\\\\\\.po\\$/,
      },
    ],
  },
  "name": "server",
  "node": Object {
    "process": false,
  },
  "output": Object {
    "filename": "[name].js",
    "libraryTarget": "commonjs2",
    "path": "D:\\\\work\\\\ssr\\\\60fram\\\\dist",
    "publicPath": "",
  },
  "plugins": Array [
    ExtractTextPlugin {
      "filename": "[name].css",
      "id": 2,
      "options": Object {
        "allChunks": true,
        "disable": true,
      },
    },
    NamedModulesPlugin {
      "options": Object {},
    },
    LimitChunkCountPlugin {
      "options": Object {
        "maxChunks": 1,
      },
    },
  ],
  "resolve": Object {
    "modules": Array [
      "D:\\\\work\\\\ssr\\\\60fram\\\\src",
      "node_modules",
    ],
  },
  "target": "node",
}
`;
