// Jest Snapshot v1, https://goo.gl/fbAQLP

exports[`pages/notfound/NotFound renders correctly 1`] = `
<div
  className="root"
>
  404 Not Found
</div>
`;
